// Jest Snapshot v1, https://goo.gl/fbAQLP

exports[`EuiCodeEditor is rendered 1`] = `
<div
  class="euiCodeEditorWrapper"
>
  <codemirror
    aria-label="aria-label"
    class="testClass1 testClass2"
    data-test-subj="test subject string"
    options="[object Object]"
  />
</div>
`;
